2026-07-12 19:35:57,648 [INFO] django.utils.autoreload: Watching for file changes with StatReloader
2026-07-12 19:36:06,537 [INFO] django.utils.autoreload: Watching for file changes with StatReloader
2026-07-12 19:36:08,666 [WARNING] django.server: "GET / HTTP/1.1" 404 2755
2026-07-12 19:36:13,784 [INFO] django.server: "GET /shop/ HTTP/1.1" 200 3628
2026-07-12 19:36:17,732 [INFO] django.server: "GET /user/register/ HTTP/1.1" 200 3411
2026-07-12 19:37:05,664 [INFO] user_management.views: New user registered: newUser
2026-07-12 19:37:05,674 [INFO] django.server: "POST /user/register/ HTTP/1.1" 302 0
2026-07-12 19:37:05,704 [INFO] django.server: "GET /shop/ HTTP/1.1" 200 3628
2026-07-12 20:07:35,726 [INFO] django.utils.autoreload: Watching for file changes with StatReloader
2026-07-12 20:07:37,177 [WARNING] django.server: "GET / HTTP/1.1" 404 2755
2026-07-12 20:07:41,365 [INFO] django.server: "GET /admin/ HTTP/1.1" 302 0
2026-07-12 20:07:41,407 [INFO] django.server: "GET /admin/login/?next=/admin/ HTTP/1.1" 200 4080
2026-07-12 20:07:41,581 [INFO] django.server: "GET /static/admin/js/theme.js HTTP/1.1" 200 1653
2026-07-12 20:07:41,583 [INFO] django.server: "GET /static/admin/css/responsive.css HTTP/1.1" 200 16273
2026-07-12 20:07:41,591 [INFO] django.server: "GET /static/admin/css/base.css HTTP/1.1" 200 23100
2026-07-12 20:07:41,605 [INFO] django.server: "GET /static/admin/css/dark_mode.css HTTP/1.1" 200 3538
2026-07-12 20:07:41,748 [INFO] django.server: "GET /static/admin/css/nav_sidebar.css HTTP/1.1" 200 2810
2026-07-12 20:07:41,752 [INFO] django.server: "GET /static/admin/js/nav_sidebar.js HTTP/1.1" 200 3063
2026-07-12 20:07:41,753 [INFO] django.server: "GET /static/admin/css/login.css HTTP/1.1" 200 951
2026-07-12 20:07:44,536 [INFO] django.server: "POST /admin/login/?next=/admin/ HTTP/1.1" 200 4248
2026-07-12 20:07:46,303 [INFO] django.server: "POST /admin/login/?next=/admin/ HTTP/1.1" 302 0
2026-07-12 20:07:46,342 [INFO] django.server: "GET /admin/ HTTP/1.1" 200 15903
2026-07-12 20:07:46,377 [INFO] django.server: "GET /static/admin/css/dashboard.css HTTP/1.1" 200 441
2026-07-12 20:07:46,427 [INFO] django.server: "GET /static/admin/img/icon-addlink.svg HTTP/1.1" 200 593
2026-07-12 20:07:46,427 [INFO] django.server: "GET /static/admin/img/icon-changelink.svg HTTP/1.1" 200 978
2026-07-12 20:07:56,049 [INFO] django.server: "GET /admin/auth/group/add/ HTTP/1.1" 200 20246
2026-07-12 20:07:56,082 [INFO] django.server: "GET /static/admin/js/vendor/jquery/jquery.js HTTP/1.1" 304 0
2026-07-12 20:07:56,082 [INFO] django.server: "GET /static/admin/js/jquery.init.js HTTP/1.1" 304 0
2026-07-12 20:07:56,083 [INFO] django.server: "GET /static/admin/js/SelectFilter2.js HTTP/1.1" 200 16428
2026-07-12 20:07:56,084 [INFO] django.server: "GET /static/admin/js/SelectBox.js HTTP/1.1" 200 4530
2026-07-12 20:07:56,084 [INFO] django.server: "GET /static/admin/css/forms.css HTTP/1.1" 200 8831
2026-07-12 20:07:56,085 [INFO] django.server: "GET /static/admin/js/core.js HTTP/1.1" 304 0
2026-07-12 20:07:56,086 [INFO] django.server: "GET /static/admin/js/admin/RelatedObjectLookups.js HTTP/1.1" 304 0
2026-07-12 20:07:56,087 [INFO] django.server: "GET /static/admin/js/actions.js HTTP/1.1" 304 0
2026-07-12 20:07:56,087 [INFO] django.server: "GET /static/admin/js/urlify.js HTTP/1.1" 304 0
2026-07-12 20:07:56,088 [INFO] django.server: "GET /static/admin/js/prepopulate.js HTTP/1.1" 304 0
2026-07-12 20:07:56,088 [INFO] django.server: "GET /static/admin/js/vendor/xregexp/xregexp.js HTTP/1.1" 304 0
2026-07-12 20:07:56,089 [INFO] django.server: "GET /static/admin/js/change_form.js HTTP/1.1" 304 0
2026-07-12 20:07:56,089 [INFO] django.server: "GET /static/admin/js/prepopulate_init.js HTTP/1.1" 304 0
2026-07-12 20:07:56,094 [WARNING] silk.model_factory: Response to request with pk 5a953665-be66-4673-84c3-57ed36ca4979 has content type text/javascript but was unable to parse it
2026-07-12 20:07:56,105 [INFO] django.server: "GET /admin/jsi18n/ HTTP/1.1" 200 3342
2026-07-12 20:07:56,130 [INFO] django.server: "GET /static/admin/css/widgets.css HTTP/1.1" 200 11811
2026-07-12 20:07:56,200 [INFO] django.server: "GET /static/admin/img/search.svg HTTP/1.1" 200 607
2026-07-12 20:07:56,201 [INFO] django.server: "GET /static/admin/img/selector-icons.svg HTTP/1.1" 200 2387
2026-07-12 20:08:26,535 [INFO] django.server: "POST /admin/auth/group/add/ HTTP/1.1" 302 0
2026-07-12 20:08:26,579 [INFO] django.server: "GET /admin/auth/group/ HTTP/1.1" 200 14400
2026-07-12 20:08:26,606 [INFO] django.server: "GET /static/admin/js/filters.js HTTP/1.1" 200 978
2026-07-12 20:08:26,606 [INFO] django.server: "GET /static/admin/css/changelists.css HTTP/1.1" 200 7498
2026-07-12 20:08:26,613 [WARNING] silk.model_factory: Response to request with pk f8d389e4-43d7-4cab-b14d-e007288d9cb5 has content type text/javascript but was unable to parse it
2026-07-12 20:08:26,625 [INFO] django.server: "GET /admin/jsi18n/ HTTP/1.1" 200 3342
2026-07-12 20:08:26,676 [INFO] django.server: "GET /static/admin/img/icon-yes.svg HTTP/1.1" 200 558
2026-07-12 20:08:26,676 [INFO] django.server: "GET /static/admin/img/tooltag-add.svg HTTP/1.1" 200 593
2026-07-12 20:08:28,337 [INFO] django.server: "GET /admin/auth/group/1/change/ HTTP/1.1" 200 20501
2026-07-12 20:08:28,372 [WARNING] silk.model_factory: Response to request with pk e7092e10-a0e8-4586-9228-b50d9987b087 has content type text/javascript but was unable to parse it
2026-07-12 20:08:28,382 [INFO] django.server: "GET /admin/jsi18n/ HTTP/1.1" 200 3342
2026-07-12 20:08:36,762 [INFO] django.server: "GET /admin/auth/group/ HTTP/1.1" 200 14202
2026-07-12 20:08:36,799 [WARNING] silk.model_factory: Response to request with pk f9143b4a-2237-4c4f-88e1-7f6fd965e136 has content type text/javascript but was unable to parse it
2026-07-12 20:08:36,812 [INFO] django.server: "GET /admin/jsi18n/ HTTP/1.1" 200 3342
2026-07-12 20:08:38,536 [INFO] django.server: "GET /admin/auth/ HTTP/1.1" 200 5480
2026-07-12 20:08:40,835 [INFO] django.server: "GET /admin/auth/group/ HTTP/1.1" 200 14202
2026-07-12 20:08:40,870 [WARNING] silk.model_factory: Response to request with pk 8b7f2b7a-9dff-47a9-aa96-8ffcf752af07 has content type text/javascript but was unable to parse it
2026-07-12 20:08:40,881 [INFO] django.server: "GET /admin/jsi18n/ HTTP/1.1" 200 3342
2026-07-12 20:08:42,142 [INFO] django.server: "GET /admin/auth/group/1/change/ HTTP/1.1" 200 20501
2026-07-12 20:08:42,176 [WARNING] silk.model_factory: Response to request with pk 86eb4e00-36e1-423e-8272-aeb61ff1047e has content type text/javascript but was unable to parse it
2026-07-12 20:08:42,187 [INFO] django.server: "GET /admin/jsi18n/ HTTP/1.1" 200 3342
2026-07-12 20:08:50,269 [INFO] django.server: "GET /shop/ HTTP/1.1" 200 3699
2026-07-12 20:08:56,004 [INFO] django.server: "GET /shop/avg-price/ HTTP/1.1" 200 839
2026-07-12 20:08:59,184 [INFO] django.server: "GET /user/logout/ HTTP/1.1" 302 0
2026-07-12 20:08:59,217 [INFO] django.server: "GET /shop/ HTTP/1.1" 200 3628
2026-07-12 20:09:01,255 [INFO] django.server: "GET /user/login/ HTTP/1.1" 200 1989
2026-07-12 20:09:05,128 [INFO] django.server: "POST /user/login/ HTTP/1.1" 302 0
2026-07-12 20:09:05,163 [INFO] django.server: "GET /shop/ HTTP/1.1" 200 3700
2026-07-12 20:09:06,959 [WARNING] django.server: "GET /shop/avg-price/ HTTP/1.1" 403 292
2026-07-12 20:17:50,297 [INFO] django.utils.autoreload: Watching for file changes with StatReloader
2026-07-12 20:17:53,069 [WARNING] django.server: "GET / HTTP/1.1" 404 2755
2026-07-12 20:18:00,552 [INFO] django.server: "GET /admin/ HTTP/1.1" 302 0
2026-07-12 20:18:00,614 [INFO] django.server: "GET /admin/login/?next=/admin/ HTTP/1.1" 200 3595
2026-07-12 20:18:04,898 [INFO] django.server: "POST /admin/login/?next=/admin/ HTTP/1.1" 302 0
2026-07-12 20:18:04,934 [INFO] django.server: "GET /admin/ HTTP/1.1" 200 15894
2026-07-12 20:18:07,590 [INFO] django.server: "GET /admin/auth/group/ HTTP/1.1" 200 14202
2026-07-12 20:18:07,631 [WARNING] silk.model_factory: Response to request with pk 58d32811-a449-418a-998f-2758d745633d has content type text/javascript but was unable to parse it
2026-07-12 20:18:07,644 [INFO] django.server: "GET /admin/jsi18n/ HTTP/1.1" 200 3342
2026-07-12 20:18:51,246 [INFO] django.server: "GET /admin/auth/group/1/change/ HTTP/1.1" 200 20501
2026-07-12 20:18:51,295 [WARNING] silk.model_factory: Response to request with pk 9d2c0f56-87ad-497f-bbd0-e76c0c17dd7f has content type text/javascript but was unable to parse it
2026-07-12 20:18:51,307 [INFO] django.server: "GET /admin/jsi18n/ HTTP/1.1" 200 3342
2026-07-12 20:18:57,690 [INFO] django.utils.autoreload: H:\DjangoHW\user_management\views.py changed, reloading.
2026-07-12 20:18:58,134 [INFO] django.utils.autoreload: Watching for file changes with StatReloader
2026-07-12 20:19:04,152 [INFO] django.server: "GET /admin/auth/group/ HTTP/1.1" 200 14202
2026-07-12 20:19:11,619 [INFO] django.server: "GET /admin/ HTTP/1.1" 200 15894
2026-07-12 20:19:14,447 [WARNING] django.server: "GET / HTTP/1.1" 404 2755
2026-07-12 20:19:18,123 [INFO] django.server: "GET /shop/ HTTP/1.1" 200 3699
2026-07-12 20:19:19,799 [INFO] django.server: "GET /user/logout/ HTTP/1.1" 302 0
2026-07-12 20:19:19,831 [INFO] django.server: "GET /shop/ HTTP/1.1" 200 3628
2026-07-12 20:19:21,322 [INFO] django.server: "GET /user/register/ HTTP/1.1" 200 3411
2026-07-12 20:20:22,354 [WARNING] user_management.views: Invalid registration attempt: <ul class="errorlist"><li>password2<ul class="errorlist" id="id_password2_error"><li>This password is too short. It must contain at least 8 characters.</li></ul></li></ul>
2026-07-12 20:20:22,368 [INFO] django.server: "POST /user/register/ HTTP/1.1" 200 3942
2026-07-12 20:20:42,183 [INFO] user_management.views: New user registered: newUser2
2026-07-12 20:20:42,194 [INFO] django.server: "POST /user/register/ HTTP/1.1" 302 0
2026-07-12 20:20:42,226 [INFO] django.server: "GET /shop/ HTTP/1.1" 200 3628
2026-07-12 20:20:46,849 [WARNING] django.server: "GET /shop/avg-price/ HTTP/1.1" 403 292
2026-07-12 20:20:57,989 [INFO] django.server: "GET /user/login/ HTTP/1.1" 200 1989
2026-07-12 20:21:02,269 [INFO] django.server: "POST /user/login/ HTTP/1.1" 302 0
2026-07-12 20:21:02,303 [INFO] django.server: "GET /shop/ HTTP/1.1" 200 3702
2026-07-12 20:21:04,348 [WARNING] django.server: "GET /shop/avg-price/ HTTP/1.1" 403 292
2026-07-12 20:23:40,591 [INFO] django.utils.autoreload: H:\DjangoHW\user_management\views.py changed, reloading.
2026-07-12 20:23:41,042 [INFO] django.utils.autoreload: Watching for file changes with StatReloader
2026-07-12 20:23:50,752 [INFO] django.server: "GET /admin/ HTTP/1.1" 302 0
2026-07-12 20:23:50,828 [INFO] django.server: "GET /admin/login/?next=/admin/ HTTP/1.1" 200 3597
2026-07-12 20:23:54,215 [INFO] django.server: "POST /admin/login/?next=/admin/ HTTP/1.1" 302 0
2026-07-12 20:23:54,251 [INFO] django.server: "GET /admin/ HTTP/1.1" 200 15894
2026-07-12 20:23:55,600 [INFO] django.server: "GET /admin/auth/group/ HTTP/1.1" 200 14202
2026-07-12 20:23:55,635 [WARNING] silk.model_factory: Response to request with pk c28bf594-6f28-4d8a-9590-ff71fedeeb40 has content type text/javascript but was unable to parse it
2026-07-12 20:23:55,648 [INFO] django.server: "GET /admin/jsi18n/ HTTP/1.1" 200 3342
2026-07-12 20:24:39,608 [INFO] django.utils.autoreload: Watching for file changes with StatReloader
2026-07-12 20:24:41,212 [WARNING] django.server: "GET / HTTP/1.1" 404 2755
2026-07-12 20:24:48,803 [WARNING] django.server: "GET /user/ HTTP/1.1" 404 3706
2026-07-12 20:24:58,184 [INFO] django.server: "GET /user/login/ HTTP/1.1" 200 2060
2026-07-12 20:25:00,544 [INFO] django.server: "GET /user/logout/ HTTP/1.1" 302 0
2026-07-12 20:25:00,580 [INFO] django.server: "GET /shop/ HTTP/1.1" 200 3628
2026-07-12 20:25:01,334 [INFO] django.server: "GET /user/register/ HTTP/1.1" 200 3411
2026-07-12 20:25:37,583 [INFO] user_management.views: New user registered: newUser3
2026-07-12 20:25:37,596 [INFO] django.server: "POST /user/register/ HTTP/1.1" 302 0
2026-07-12 20:25:37,641 [INFO] django.server: "GET /shop/ HTTP/1.1" 200 3628
2026-07-12 20:25:39,977 [WARNING] django.server: "GET /shop/avg-price/ HTTP/1.1" 403 292
2026-07-12 20:27:02,393 [INFO] django.server: "GET /admin/auth/group/1/change/ HTTP/1.1" 302 0
2026-07-12 20:27:02,423 [INFO] django.server: "GET /admin/login/?next=/admin/auth/group/1/change/ HTTP/1.1" 200 4120
2026-07-12 20:27:05,130 [INFO] django.server: "POST /admin/login/?next=/admin/auth/group/1/change/ HTTP/1.1" 302 0
2026-07-12 20:27:05,188 [INFO] django.server: "GET /admin/auth/group/1/change/ HTTP/1.1" 200 20501
2026-07-12 20:27:05,239 [WARNING] silk.model_factory: Response to request with pk 0e072f08-028e-475d-8f5e-1cba4d84b053 has content type text/javascript but was unable to parse it
2026-07-12 20:27:05,249 [INFO] django.server: "GET /admin/jsi18n/ HTTP/1.1" 200 3342
2026-07-12 20:27:56,796 [INFO] django.server: "GET /user/login/ HTTP/1.1" 200 2060
2026-07-12 20:28:00,174 [INFO] django.server: "POST /user/login/ HTTP/1.1" 302 0
2026-07-12 20:28:00,216 [INFO] django.server: "GET /shop/ HTTP/1.1" 200 3702
2026-07-12 20:28:02,382 [WARNING] django.server: "GET /shop/avg-price/ HTTP/1.1" 403 292
2026-07-12 20:34:54,542 [INFO] django.utils.autoreload: Watching for file changes with StatReloader
2026-07-12 20:34:55,737 [WARNING] django.server: "GET / HTTP/1.1" 404 2755
2026-07-12 20:35:00,743 [INFO] django.server: "GET /shop/ HTTP/1.1" 200 3702
2026-07-12 20:35:04,344 [INFO] django.server: "GET /shop/avg-price/ HTTP/1.1" 200 839
2026-07-12 20:35:06,468 [INFO] django.server: "GET /user/logout/ HTTP/1.1" 302 0
2026-07-12 20:35:06,502 [INFO] django.server: "GET /shop/ HTTP/1.1" 200 3628
2026-07-12 20:35:07,702 [INFO] django.server: "GET /user/login/ HTTP/1.1" 200 1989
2026-07-12 20:35:11,022 [INFO] django.server: "POST /user/login/ HTTP/1.1" 302 0
2026-07-12 20:35:11,082 [INFO] django.server: "GET /shop/ HTTP/1.1" 200 3702
2026-07-12 20:35:12,699 [WARNING] django.server: "GET /shop/avg-price/ HTTP/1.1" 403 292
2026-07-13 22:55:22,021 [INFO] django.utils.autoreload: Watching for file changes with StatReloader
2026-07-13 22:55:50,136 [INFO] django.utils.autoreload: Watching for file changes with StatReloader
2026-07-13 22:55:53,282 [WARNING] django.server: "GET / HTTP/1.1" 404 2755
2026-07-13 22:56:04,926 [WARNING] django.server: "GET / HTTP/1.1" 404 2755
2026-07-13 22:56:09,042 [INFO] django.server: "GET /shop/ HTTP/1.1" 200 2220
2026-07-13 23:01:51,728 [INFO] django.utils.autoreload: /app/bookstoreHW/settings.py changed, reloading.
2026-07-13 23:01:52,385 [INFO] django.utils.autoreload: Watching for file changes with StatReloader
2026-07-13 23:02:53,281 [INFO] django.utils.autoreload: Watching for file changes with StatReloader
2026-07-13 23:03:08,406 [WARNING] django.server: "GET / HTTP/1.1" 404 2755
2026-07-13 23:03:13,505 [INFO] django.server: "GET /shop/ HTTP/1.1" 200 3628
2026-07-13 23:04:34,428 [INFO] django.utils.autoreload: Watching for file changes with StatReloader
2026-07-13 23:13:59,232 [INFO] django.utils.autoreload: Watching for file changes with StatReloader
2026-07-13 23:18:16,750 [INFO] django.utils.autoreload: Watching for file changes with StatReloader
2026-07-13 23:21:06,906 [INFO] django.utils.autoreload: Watching for file changes with StatReloader
2026-07-14 06:49:25,601 [INFO] django.utils.autoreload: Watching for file changes with StatReloader
2026-07-14 06:49:29,136 [WARNING] django.server: "GET / HTTP/1.1" 404 2755
2026-07-14 06:49:29,486 [WARNING] django.server: "GET /favicon.ico HTTP/1.1" 404 2806
2026-07-14 06:56:18,486 [INFO] django.utils.autoreload: /app/bookstoreHW/settings.py changed, reloading.
2026-07-14 06:56:19,166 [INFO] django.utils.autoreload: Watching for file changes with StatReloader
2026-07-14 07:00:37,915 [INFO] django.utils.autoreload: /app/bookstoreHW/settings.py changed, reloading.
-07-14 09:56:22,070 [WARNING] django.server: "GET / HTTP/1.1" 404 2755
2026-07-14 09:56:28,806 [INFO] django.server: "GET /silk/ HTTP/1.1" 200 20273
2026-07-14 09:56:29,115 [INFO] django.server: "GET /static/silk/lib/jquery-ui-1.13.2.min.css HTTP/1.1" 200 36662
2026-07-14 09:56:29,117 [INFO] django.server: "GET /static/silk/css/components/numeric.css HTTP/1.1" 200 142
2026-07-14 09:56:29,119 [INFO] django.server: "GET /static/silk/lib/jquery.datetimepicker.css HTTP/1.1" 200 17870
2026-07-14 09:56:29,120 [INFO] django.server: "GET /static/silk/css/pages/root_base.css HTTP/1.1" 200 3749
2026-07-14 09:56:29,121 [INFO] django.server: "GET /static/silk/css/pages/summary.css HTTP/1.1" 200 596
2026-07-14 09:56:29,123 [INFO] django.server: "GET /static/silk/lib/jquery-3.6.0.min.js HTTP/1.1" 200 89501
2026-07-14 09:56:29,127 [INFO] django.server: "GET /static/silk/lib/jquery-ui-1.13.2.min.js HTTP/1.1" 200 255085
2026-07-14 09:56:29,128 [INFO] django.server: "GET /static/silk/js/pages/base.js HTTP/1.1" 200 265
2026-07-14 09:56:29,130 [INFO] django.server: "GET /static/silk/lib/jquery.datetimepicker.js HTTP/1.1" 200 78385
2026-07-14 09:56:29,131 [INFO] django.server: "GET /static/silk/js/components/filters.js HTTP/1.1" 200 1309
2026-07-14 09:56:29,133 [INFO] django.server: "GET /static/silk/js/pages/root_base.js HTTP/1.1" 200 439
2026-07-14 09:56:29,134 [INFO] django.server: "GET /static/silk/js/pages/summary.js HTTP/1.1" 200 174
2026-07-14 09:56:29,135 [INFO] django.server: "GET /static/silk/js/components/cell.js HTTP/1.1" 304 0
2026-07-14 09:56:29,137 [INFO] django.server: "GET /static/silk/css/components/fonts.css HTTP/1.1" 200 1622
2026-07-14 09:56:29,151 [INFO] django.server: "GET /static/silk/css/components/colors.css HTTP/1.1" 200 205
2026-07-14 09:56:29,153 [INFO] django.server: "GET /static/silk/css/components/row.css HTTP/1.1" 200 1135
2026-07-14 09:56:29,161 [INFO] django.server: "GET /static/silk/css/pages/base.css HTTP/1.1" 200 1693
2026-07-14 09:56:29,163 [INFO] django.server: "GET /static/silk/css/components/cell.css HTTP/1.1" 200 557
2026-07-14 09:56:29,165 [INFO] django.server: "GET /static/silk/filter2.png HTTP/1.1" 200 3006
2026-07-14 09:56:29,184 [INFO] django.server: "GET /static/silk/fonts/fira/FiraSans-Light.woff HTTP/1.1" 200 95406
2026-07-14 09:56:29,184 [INFO] django.server: "GET /static/silk/fonts/fira/FiraSans-Medium.woff HTTP/1.1" 200 89883
2026-07-14 09:56:32,050 [INFO] django.server: "GET /silk/cleardb/ HTTP/1.1" 200 3981
2026-07-14 09:56:32,079 [INFO] django.server: "GET /static/silk/css/pages/clear_db.css HTTP/1.1" 200 569
2026-07-14 09:56:32,079 [INFO] django.server: "GET /static/silk/js/pages/clear_db.js HTTP/1.1" 200 174
2026-07-14 09:56:34,339 [INFO] django.server: "POST /silk/cleardb/ HTTP/1.1" 200 4057
2026-07-14 09:56:37,645 [INFO] django.server: "GET /silk/profiling/ HTTP/1.1" 200 11446
2026-07-14 09:56:37,674 [INFO] django.server: "GET /static/silk/css/pages/profiling.css HTTP/1.1" 200 157
2026-07-14 09:56:37,674 [INFO] django.server: "GET /static/silk/js/pages/profiling.js HTTP/1.1" 200 79
2026-07-14 09:56:37,742 [INFO] django.server: "GET /static/silk/filter.png HTTP/1.1" 200 3540
2026-07-14 09:56:37,751 [INFO] django.server: "GET /static/silk/fonts/fira/FiraSans-LightItalic.woff HTTP/1.1" 200 98125
2026-07-14 09:56:37,752 [INFO] django.server: "GET /static/silk/fonts/fantasque/FantasqueSansMono-RegItalic.woff HTTP/1.1" 200 56336
2026-07-14 09:56:38,069 [INFO] django.server: "GET /silk/requests/ HTTP/1.1" 200 12823
2026-07-14 09:56:38,093 [INFO] django.server: "GET /static/silk/css/pages/requests.css HTTP/1.1" 200 271
2026-07-14 09:56:38,150 [INFO] django.server: "GET /static/silk/js/pages/requests.js HTTP/1.1" 200 79
2026-07-14 09:56:38,564 [INFO] django.server: "GET /silk/ HTTP/1.1" 200 6775
2026-07-14 07:00:38,780 [INFO] django.utils.autoreload: Watching for file changes with StatReloader
2026-07-14 07:01:58,615 [INFO] django.utils.autoreload: Watching for file changes with StatReloader
2026-07-14 07:02:36,650 [WARNING] django.server: "GET / HTTP/1.1" 404 2755
2026-07-14 07:02:41,469 [INFO] django.server: "GET /shop HTTP/1.1" 301 0
2026-07-14 07:02:41,540 [INFO] django.server: "GET /shop/ HTTP/1.1" 200 3628
2026-07-14 07:02:41,574 [INFO] django.server: "GET /static/css/style.css HTTP/1.1" 200 153
2026-07-14 07:02:48,065 [INFO] django.server: "GET /user/login/ HTTP/1.1" 200 1989
2026-07-14 07:02:52,452 [INFO] django.server: "POST /user/login/ HTTP/1.1" 302 0
2026-07-14 07:02:52,514 [INFO] django.server: "GET /shop/ HTTP/1.1" 200 3699
2026-07-14 07:03:32,745 [INFO] django.utils.autoreload: Watching for file changes with StatReloader
2026-07-30 13:42:56,999 [INFO] django.utils.autoreload: Watching for file changes with StatReloader
2026-07-30 13:43:50,259 [INFO] django.utils.autoreload: Watching for file changes with StatReloader
2026-07-30 13:44:03,049 [INFO] django.utils.autoreload: H:\DjangoHW\bookstoreHW\settings.py changed, reloading.
2026-07-30 13:44:03,528 [INFO] django.utils.autoreload: Watching for file changes with StatReloader
2026-07-30 10:47:50,117 [INFO] django.utils.autoreload: Watching for file changes with StatReloader
2026-07-30 10:48:04,176 [WARNING] django.server: "GET / HTTP/1.1" 404 2755
2026-07-30 10:48:04,327 [WARNING] django.server: "GET /favicon.ico HTTP/1.1" 404 2806
2026-07-30 13:49:44,733 [INFO] django.utils.autoreload: Watching for file changes with StatReloader
2026-07-30 13:53:51,585 [INFO] django.utils.autoreload: Watching for file changes with StatReloader
2026-07-30 14:00:30,258 [INFO] django.utils.autoreload: Watching for file changes with StatReloader
2026-07-30 14:06:19,773 [INFO] django.utils.autoreload: Watching for file changes with StatReloader
2026-07-30 14:13:24,698 [INFO] django.utils.autoreload: Watching for file changes with StatReloader
2026-07-30 14:14:03,330 [INFO] django.utils.autoreload: Watching for file changes with StatReloader
2026-07-30 11:14:48,958 [INFO] django.utils.autoreload: Watching for file changes with StatReloader
2026-07-30 14:15:10,016 [INFO] django.utils.autoreload: Watching for file changes with StatReloader
2026-07-30 14:16:05,533 [INFO] django.utils.autoreload: Watching for file changes with StatReloader
2026-07-30 14:16:52,372 [INFO] django.utils.autoreload: Watching for file changes with StatReloader
2026-07-30 14:18:31,548 [INFO] django.utils.autoreload: Watching for file changes with StatReloader
2026-07-30 14:20:57,877 [INFO] django.utils.autoreload: H:\DjangoHW\bookstoreHW\settings.py changed, reloading.
2026-07-30 14:20:58,392 [INFO] django.utils.autoreload: Watching for file changes with StatReloader
2026-07-30 14:21:21,796 [INFO] django.utils.autoreload: Watching for file changes with StatReloader
2026-07-30 14:32:37,306 [INFO] django.utils.autoreload: Watching for file changes with StatReloader
2026-07-30 15:10:16,105 [INFO] django.utils.autoreload: Watching for file changes with StatReloader
2026-07-30 12:20:19,282 [INFO] django.utils.autoreload: Watching for file changes with StatReloader
2026-07-30 12:26:13,000 [INFO] django.utils.autoreload: Watching for file changes with StatReloader
2026-07-30 12:26:44,253 [WARNING] django.server: "GET / HTTP/1.1" 404 2755
2026-07-30 12:26:44,449 [WARNING] django.server: "GET /favicon.ico HTTP/1.1" 404 2806
2026-07-30 12:26:50,561 [INFO] django.server: "GET /admin/ HTTP/1.1" 302 0
2026-07-30 12:26:50,603 [INFO] django.server: "GET /admin/login/?next=/admin/ HTTP/1.1" 200 4080
2026-07-30 12:26:50,634 [INFO] django.server: "GET /static/admin/css/dark_mode.css HTTP/1.1" 200 3538
2026-07-30 12:26:50,634 [INFO] django.server: "GET /static/admin/js/theme.js HTTP/1.1" 200 1653
2026-07-30 12:26:50,635 [INFO] django.server: "GET /static/admin/css/base.css HTTP/1.1" 200 23100
2026-07-30 12:26:50,690 [INFO] django.server: "GET /static/admin/css/nav_sidebar.css HTTP/1.1" 200 2810
2026-07-30 12:26:50,692 [INFO] django.server: "GET /static/admin/js/nav_sidebar.js HTTP/1.1" 200 3063
2026-07-30 12:26:50,693 [INFO] django.server: "GET /static/admin/css/responsive.css HTTP/1.1" 200 16273
2026-07-30 12:26:50,693 [INFO] django.server: "GET /static/admin/css/login.css HTTP/1.1" 200 951
2026-07-30 12:26:52,836 [INFO] django.server: "POST /admin/login/?next=/admin/ HTTP/1.1" 200 4248
2026-07-30 12:27:11,500 [INFO] django.server: "GET /admin/login/?next=/admin/ HTTP/1.1" 200 4080
2026-07-30 12:27:14,091 [INFO] django.server: "POST /admin/login/?next=/admin/ HTTP/1.1" 200 4248
2026-07-30 12:29:16,151 [INFO] django.utils.autoreload: Watching for file changes with StatReloader
2026-07-30 12:30:08,311 [WARNING] django.server: "GET / HTTP/1.1" 404 2755
2026-07-30 12:30:15,467 [INFO] django.server: "GET /admin HTTP/1.1" 301 0
2026-07-30 12:30:15,494 [INFO] django.server: "GET /admin/ HTTP/1.1" 302 0
2026-07-30 12:30:15,579 [INFO] django.server: "GET /admin/login/?next=/admin/ HTTP/1.1" 200 4080
2026-07-30 12:30:15,605 [INFO] django.server: "GET /static/admin/css/dark_mode.css HTTP/1.1" 200 3538
2026-07-30 12:30:15,605 [INFO] django.server: "GET /static/admin/js/theme.js HTTP/1.1" 200 1653
2026-07-30 12:30:15,606 [INFO] django.server: "GET /static/admin/css/base.css HTTP/1.1" 200 23100
2026-07-30 12:30:15,660 [INFO] django.server: "GET /static/admin/css/login.css HTTP/1.1" 200 951
2026-07-30 12:30:15,661 [INFO] django.server: "GET /static/admin/css/nav_sidebar.css HTTP/1.1" 200 2810
2026-07-30 12:30:15,661 [INFO] django.server: "GET /static/admin/js/nav_sidebar.js HTTP/1.1" 200 3063
2026-07-30 12:30:15,661 [INFO] django.server: "GET /static/admin/css/responsive.css HTTP/1.1" 200 16273
2026-07-30 12:30:24,964 [INFO] django.server: "GET /admin/ HTTP/1.1" 302 0
2026-07-30 12:30:24,988 [INFO] django.server: "GET /admin/login/?next=/admin/ HTTP/1.1" 200 4080
2026-07-30 12:30:31,357 [INFO] django.server: "POST /admin/login/?next=/admin/ HTTP/1.1" 302 0
2026-07-30 12:30:31,413 [INFO] django.server: "GET /admin/ HTTP/1.1" 200 11749
2026-07-30 12:30:31,438 [INFO] django.server: "GET /static/admin/css/dashboard.css HTTP/1.1" 200 441
2026-07-30 12:30:31,488 [INFO] django.server: "GET /static/admin/img/icon-changelink.svg HTTP/1.1" 200 978
2026-07-30 12:30:31,489 [INFO] django.server: "GET /static/admin/img/icon-addlink.svg HTTP/1.1" 200 593
2026-07-30 12:30:35,925 [INFO] django.server: "GET /admin/shop/book/ HTTP/1.1" 200 21567
2026-07-30 12:30:35,954 [INFO] django.server: "GET /static/admin/css/changelists.css HTTP/1.1" 200 7498
2026-07-30 12:30:35,955 [INFO] django.server: "GET /static/admin/js/jquery.init.js HTTP/1.1" 200 347
2026-07-30 12:30:35,959 [INFO] django.server: "GET /static/admin/js/admin/RelatedObjectLookups.js HTTP/1.1" 200 9777
2026-07-30 12:30:35,960 [INFO] django.server: "GET /static/admin/js/core.js HTTP/1.1" 200 6208
2026-07-30 12:30:35,962 [INFO] django.server: "GET /static/admin/js/actions.js HTTP/1.1" 200 8077
2026-07-30 12:30:35,963 [INFO] django.server: "GET /static/admin/js/urlify.js HTTP/1.1" 200 7887
2026-07-30 12:30:35,965 [INFO] django.server: "GET /static/admin/js/prepopulate.js HTTP/1.1" 200 1531
2026-07-30 12:30:35,968 [INFO] django.server: "GET /static/admin/js/filters.js HTTP/1.1" 200 978
2026-07-30 12:30:35,968 [INFO] django.server: "GET /static/admin/js/vendor/jquery/jquery.js HTTP/1.1" 200 285314
2026-07-30 12:30:35,970 [INFO] django.server: "GET /static/admin/js/vendor/xregexp/xregexp.js HTTP/1.1" 200 325171
2026-07-30 12:30:35,975 [WARNING] silk.model_factory: Response to request with pk e9a2f513-7bea-4495-932b-a539ac10141c has content type text/javascript but was unable to parse it
2026-07-30 12:30:35,993 [INFO] django.server: "GET /admin/jsi18n/ HTTP/1.1" 200 3342
2026-07-30 12:30:35,996 [INFO] django.server: "GET /static/admin/img/search.svg HTTP/1.1" 200 607
2026-07-30 12:30:36,018 [INFO] django.server: "GET /static/admin/img/icon-viewlink.svg HTTP/1.1" 200 928
2026-07-30 12:30:36,018 [INFO] django.server: "GET /static/admin/img/tooltag-add.svg HTTP/1.1" 200 593
2026-07-30 12:30:38,017 [INFO] django.server: "GET /admin/ HTTP/1.1" 200 11749
2026-07-30 12:30:43,402 [INFO] django.server: "GET /admin/order/order/ HTTP/1.1" 200 14501
2026-07-30 12:30:43,441 [WARNING] silk.model_factory: Response to request with pk 49c5a3a1-80a6-4c49-85b2-9bde9de6c95e has content type text/javascript but was unable to parse it
2026-07-30 12:30:43,457 [INFO] django.server: "GET /admin/jsi18n/ HTTP/1.1" 200 3342
2026-07-30 12:30:45,367 [INFO] django.server: "GET /admin/order/order/add/ HTTP/1.1" 200 23110
2026-07-30 12:30:45,401 [INFO] django.server: "GET /static/admin/js/change_form.js HTTP/1.1" 200 606
2026-07-30 12:30:45,401 [INFO] django.server: "GET /static/admin/js/calendar.js HTTP/1.1" 200 9159
2026-07-30 12:30:45,401 [INFO] django.server: "GET /static/admin/css/forms.css HTTP/1.1" 200 8831
2026-07-30 12:30:45,402 [INFO] django.server: "GET /static/admin/js/inlines.js HTTP/1.1" 200 15628
2026-07-30 12:30:45,403 [INFO] django.server: "GET /static/admin/js/admin/DateTimeShortcuts.js HTTP/1.1" 200 19698
2026-07-30 12:30:45,407 [INFO] django.server: "GET /static/admin/js/prepopulate_init.js HTTP/1.1" 200 586
2026-07-30 12:30:45,415 [WARNING] silk.model_factory: Response to request with pk 6d59b673-2c86-4738-bcda-7415bece308c has content type text/javascript but was unable to parse it
2026-07-30 12:30:45,434 [INFO] django.server: "GET /admin/jsi18n/ HTTP/1.1" 200 3342
2026-07-30 12:30:45,447 [INFO] django.server: "GET /static/admin/css/widgets.css HTTP/1.1" 200 11811
2026-07-30 12:30:45,509 [INFO] django.server: "GET /static/admin/img/icon-calendar.svg HTTP/1.1" 200 1112
2026-07-30 12:30:45,510 [INFO] django.server: "GET /static/admin/img/icon-clock.svg HTTP/1.1" 200 805
2026-07-30 12:54:37,605 [INFO] django.utils.autoreload: Watching for file changes with StatReloader
2026-07-30 15:55:13,083 [INFO] django.utils.autoreload: Watching for file changes with StatReloader
2026-07-30 15:55:15,111 [WARNING] django.server: "GET / HTTP/1.1" 404 2755
2026-07-30 15:55:21,458 [INFO] django.server: "GET /admin/ HTTP/1.1" 302 0
2026-07-30 15:55:21,518 [INFO] django.server: "GET /admin/login/?next=/admin/ HTTP/1.1" 200 4080
2026-07-30 15:55:23,841 [INFO] django.server: "POST /admin/login/?next=/admin/ HTTP/1.1" 200 4248
2026-07-30 15:55:28,494 [INFO] django.server: "POST /admin/login/?next=/admin/ HTTP/1.1" 200 4248
2026-07-30 15:55:39,274 [INFO] django.server: "POST /admin/login/?next=/admin/ HTTP/1.1" 302 0
2026-07-30 15:55:39,371 [INFO] django.server: "GET /admin/ HTTP/1.1" 200 11749
2026-07-30 15:55:39,460 [INFO] django.server: "GET /static/admin/css/dashboard.css HTTP/1.1" 200 441
2026-07-30 15:55:39,462 [INFO] django.server: "GET /static/admin/img/icon-changelink.svg HTTP/1.1" 200 978
2026-07-30 15:55:39,462 [INFO] django.server: "GET /static/admin/img/icon-addlink.svg HTTP/1.1" 200 593
2026-07-30 15:55:43,854 [INFO] django.server: "GET /admin/shop/book/ HTTP/1.1" 200 21567
2026-07-30 15:55:43,888 [INFO] django.server: "GET /static/admin/css/changelists.css HTTP/1.1" 200 7498
2026-07-30 15:55:43,890 [INFO] django.server: "GET /static/admin/js/jquery.init.js HTTP/1.1" 200 347
2026-07-30 15:55:43,890 [INFO] django.server: "GET /static/admin/js/core.js HTTP/1.1" 200 6208
2026-07-30 15:55:43,891 [INFO] django.server: "GET /static/admin/js/actions.js HTTP/1.1" 200 8077
2026-07-30 15:55:43,891 [INFO] django.server: "GET /static/admin/js/admin/RelatedObjectLookups.js HTTP/1.1" 200 9777
2026-07-30 15:55:43,893 [INFO] django.server: "GET /static/admin/js/urlify.js HTTP/1.1" 200 7887
2026-07-30 15:55:43,893 [INFO] django.server: "GET /static/admin/js/prepopulate.js HTTP/1.1" 200 1531
2026-07-30 15:55:43,894 [INFO] django.server: "GET /static/admin/js/filters.js HTTP/1.1" 200 978
2026-07-30 15:55:43,895 [INFO] django.server: "GET /static/admin/js/vendor/jquery/jquery.js HTTP/1.1" 200 285314
2026-07-30 15:55:43,896 [INFO] django.server: "GET /static/admin/js/vendor/xregexp/xregexp.js HTTP/1.1" 200 325171
2026-07-30 15:55:43,908 [WARNING] silk.model_factory: Response to request with pk b4fa8987-d93f-43ed-9eac-88446612e50a has content type text/javascript but was unable to parse it
2026-07-30 15:55:43,965 [INFO] django.server: "GET /admin/jsi18n/ HTTP/1.1" 200 3342
2026-07-30 15:55:43,966 [INFO] django.server: "GET /static/admin/img/search.svg HTTP/1.1" 200 607
2026-07-30 15:55:43,985 [INFO] django.server: "GET /static/admin/img/tooltag-add.svg HTTP/1.1" 200 593
2026-07-30 15:55:43,985 [INFO] django.server: "GET /static/admin/img/icon-viewlink.svg HTTP/1.1" 200 928
2026-07-30 15:56:16,784 [WARNING] django.server: "GET / HTTP/1.1" 404 2755
2026-07-30 15:56:25,084 [INFO] django.server: "GET /admin/ HTTP/1.1" 200 11749
2026-07-30 15:56:28,712 [INFO] django.server: "GET /admin/order/order/ HTTP/1.1" 200 14501
2026-07-30 15:56:28,797 [WARNING] silk.model_factory: Response to request with pk 12fb0324-aa5b-4682-ab40-eec53ca6dc28 has content type text/javascript but was unable to parse it
2026-07-30 15:56:28,856 [INFO] django.server: "GET /admin/jsi18n/ HTTP/1.1" 200 3342
2026-07-30 15:56:30,567 [INFO] django.server: "GET /admin/order/order/add/ HTTP/1.1" 200 23110
2026-07-30 15:56:30,613 [INFO] django.server: "GET /static/admin/css/forms.css HTTP/1.1" 200 8831
2026-07-30 15:56:30,622 [INFO] django.server: "GET /static/admin/js/calendar.js HTTP/1.1" 200 9159
2026-07-30 15:56:30,622 [INFO] django.server: "GET /static/admin/js/change_form.js HTTP/1.1" 200 606
2026-07-30 15:56:30,622 [INFO] django.server: "GET /static/admin/js/prepopulate_init.js HTTP/1.1" 200 586
2026-07-30 15:56:30,622 [INFO] django.server: "GET /static/admin/js/admin/DateTimeShortcuts.js HTTP/1.1" 200 19698
2026-07-30 15:56:30,623 [INFO] django.server: "GET /static/admin/js/inlines.js HTTP/1.1" 200 15628
2026-07-30 15:56:30,641 [WARNING] silk.model_factory: Response to request with pk d1ce1e67-dd49-4cae-875b-f5c5af064b06 has content type text/javascript but was unable to parse it
2026-07-30 15:56:30,690 [INFO] django.server: "GET /static/admin/css/widgets.css HTTP/1.1" 200 11811
2026-07-30 15:56:30,699 [INFO] django.server: "GET /admin/jsi18n/ HTTP/1.1" 200 3342
2026-07-30 15:56:30,766 [INFO] django.server: "GET /static/admin/img/icon-calendar.svg HTTP/1.1" 200 1112
2026-07-30 15:56:30,766 [INFO] django.server: "GET /static/admin/img/icon-clock.svg HTTP/1.1" 200 805
2026-08-03 09:07:52,276 [INFO] django.utils.autoreload: Watching for file changes with StatReloader
2026-08-03 09:07:54,325 [WARNING] django.server: "GET / HTTP/1.1" 404 2755
2026-08-03 09:07:54,533 [WARNING] django.server: "GET /favicon.ico HTTP/1.1" 404 2806
2026-08-03 09:08:01,889 [ERROR] django.server: "GET /shop/ HTTP/1.1" 500 169852
2026-08-03 09:09:29,216 [INFO] django.utils.autoreload: Watching for file changes with StatReloader
2026-08-03 09:09:31,345 [WARNING] django.server: "GET / HTTP/1.1" 404 2755
2026-08-03 09:09:34,904 [INFO] django.server: "GET /shop/ HTTP/1.1" 200 5315
2026-08-03 09:09:34,996 [INFO] django.server: "GET /static/css/style.css HTTP/1.1" 200 153
2026-08-03 09:09:38,045 [ERROR] django.server: "POST /order/cart/?next=/shop/ HTTP/1.1" 500 86596
2026-08-03 09:10:52,318 [INFO] django.server: "GET /shop/ HTTP/1.1" 200 5315
2026-08-03 09:10:58,912 [INFO] django.server: "GET /order/cart/?next=/shop/ HTTP/1.1" 200 1661
2026-08-03 09:11:08,553 [ERROR] django.server: "POST /order/cart/?next=/shop/ HTTP/1.1" 500 86596
2026-08-03 09:12:18,730 [INFO] django.utils.autoreload: Watching for file changes with StatReloader
2026-08-03 09:12:20,885 [WARNING] django.server: "GET / HTTP/1.1" 404 2755
2026-08-03 09:12:25,082 [INFO] django.server: "GET /shop/ HTTP/1.1" 200 5315
2026-08-03 09:12:27,010 [INFO] django.server: "POST /order/cart/?next=/shop/ HTTP/1.1" 302 0
2026-08-03 09:12:27,142 [INFO] django.server: "GET /shop/ HTTP/1.1" 200 5315
2026-08-03 09:12:35,652 [INFO] django.server: "POST /order/cart/?next=/shop/ HTTP/1.1" 302 0
2026-08-03 09:12:35,772 [INFO] django.server: "GET /shop/ HTTP/1.1" 200 5315
2026-08-03 09:12:39,644 [INFO] django.server: "POST /order/cart/?next=/shop/ HTTP/1.1" 302 0
2026-08-03 09:12:39,766 [INFO] django.server: "GET /shop/ HTTP/1.1" 200 5315
2026-08-03 09:12:41,414 [INFO] django.server: "GET /shop/?page=2 HTTP/1.1" 200 5342
2026-08-03 09:12:43,396 [INFO] django.server: "POST /order/cart/?next=/shop/ HTTP/1.1" 302 0
2026-08-03 09:12:43,502 [INFO] django.server: "GET /shop/ HTTP/1.1" 200 5315
2026-08-03 09:12:44,748 [INFO] django.server: "POST /order/cart/?next=/shop/ HTTP/1.1" 302 0
2026-08-03 09:12:44,857 [INFO] django.server: "GET /shop/ HTTP/1.1" 200 5315
2026-08-03 11:07:21,537 [INFO] django.utils.autoreload: Watching for file changes with StatReloader
2026-08-03 11:07:23,299 [WARNING] django.server: "GET / HTTP/1.1" 404 2755
2026-08-03 11:07:30,584 [INFO] django.server: "GET /shop/ HTTP/1.1" 200 5315
2026-08-03 11:07:32,016 [INFO] django.server: "POST /order/cart/?next=/shop/ HTTP/1.1" 302 0
2026-08-03 11:07:32,121 [INFO] django.server: "GET /shop/ HTTP/1.1" 200 5315
2026-08-03 11:07:34,384 [INFO] django.server: "POST /order/cart/?next=/shop/ HTTP/1.1" 302 0
2026-08-03 11:07:34,498 [INFO] django.server: "GET /shop/ HTTP/1.1" 200 5315
2026-08-03 11:09:16,864 [INFO] django.utils.autoreload: H:\DjangoHW\order\views.py changed, reloading.
2026-08-03 11:09:17,394 [INFO] django.utils.autoreload: Watching for file changes with StatReloader
2026-08-03 11:09:24,268 [INFO] django.utils.autoreload: H:\DjangoHW\order\views.py changed, reloading.
2026-08-03 11:09:24,784 [INFO] django.utils.autoreload: Watching for file changes with StatReloader
2026-08-03 11:09:44,726 [INFO] django.utils.autoreload: H:\DjangoHW\order\views.py changed, reloading.
2026-08-03 11:09:45,228 [INFO] django.utils.autoreload: Watching for file changes with StatReloader
2026-08-03 11:10:00,907 [INFO] django.utils.autoreload: H:\DjangoHW\order\views.py changed, reloading.
2026-08-03 11:10:01,402 [INFO] django.utils.autoreload: Watching for file changes with StatReloader
2026-08-03 11:10:17,076 [INFO] django.utils.autoreload: H:\DjangoHW\order\views.py changed, reloading.
2026-08-03 11:10:17,571 [INFO] django.utils.autoreload: Watching for file changes with StatReloader
2026-08-03 11:10:32,216 [INFO] django.utils.autoreload: H:\DjangoHW\order\views.py changed, reloading.
2026-08-03 11:10:32,762 [INFO] django.utils.autoreload: Watching for file changes with StatReloader
2026-08-03 11:10:55,710 [INFO] django.utils.autoreload: H:\DjangoHW\order\views.py changed, reloading.
2026-08-03 11:10:56,202 [INFO] django.utils.autoreload: Watching for file changes with StatReloader
2026-08-03 11:11:10,359 [INFO] django.utils.autoreload: H:\DjangoHW\order\views.py changed, reloading.
2026-08-03 11:11:10,867 [INFO] django.utils.autoreload: Watching for file changes with StatReloader
2026-08-03 11:11:20,858 [INFO] django.utils.autoreload: H:\DjangoHW\order\views.py changed, reloading.
2026-08-03 11:11:21,384 [INFO] django.utils.autoreload: Watching for file changes with StatReloader
2026-08-03 11:11:24,044 [INFO] django.utils.autoreload: H:\DjangoHW\order\views.py changed, reloading.
2026-08-03 11:11:24,528 [INFO] django.utils.autoreload: Watching for file changes with StatReloader
2026-08-03 11:11:46,042 [INFO] django.utils.autoreload: H:\DjangoHW\order\views.py changed, reloading.
2026-08-03 11:11:46,558 [INFO] django.utils.autoreload: Watching for file changes with StatReloader
2026-08-03 11:11:54,441 [INFO] django.utils.autoreload: H:\DjangoHW\order\views.py changed, reloading.
2026-08-03 11:11:54,966 [INFO] django.utils.autoreload: Watching for file changes with StatReloader
2026-08-03 11:12:06,494 [INFO] django.utils.autoreload: H:\DjangoHW\order\views.py changed, reloading.
2026-08-03 11:12:07,013 [INFO] django.utils.autoreload: Watching for file changes with StatReloader
2026-08-03 11:14:42,860 [INFO] django.utils.autoreload: H:\DjangoHW\order\views.py changed, reloading.
2026-08-03 11:14:43,359 [INFO] django.utils.autoreload: Watching for file changes with StatReloader
2026-08-03 11:15:12,180 [INFO] django.utils.autoreload: H:\DjangoHW\order\views.py changed, reloading.
2026-08-03 11:15:12,682 [INFO] django.utils.autoreload: Watching for file changes with StatReloader
2026-08-03 11:15:33,135 [INFO] django.utils.autoreload: H:\DjangoHW\order\views.py changed, reloading.
2026-08-03 11:15:33,647 [INFO] django.utils.autoreload: Watching for file changes with StatReloader
2026-08-03 11:15:47,809 [INFO] django.utils.autoreload: H:\DjangoHW\order\views.py changed, reloading.
2026-08-03 11:15:48,321 [INFO] django.utils.autoreload: Watching for file changes with StatReloader
2026-08-03 11:15:58,288 [INFO] django.utils.autoreload: H:\DjangoHW\order\views.py changed, reloading.
2026-08-03 11:15:58,812 [INFO] django.utils.autoreload: Watching for file changes with StatReloader
2026-08-03 11:16:06,735 [INFO] django.utils.autoreload: H:\DjangoHW\order\views.py changed, reloading.
2026-08-03 11:16:07,270 [INFO] django.utils.autoreload: Watching for file changes with StatReloader
2026-08-03 11:16:16,197 [INFO] django.utils.autoreload: H:\DjangoHW\order\views.py changed, reloading.
2026-08-03 11:16:16,720 [INFO] django.utils.autoreload: Watching for file changes with StatReloader
2026-08-03 11:16:23,610 [INFO] django.utils.autoreload: H:\DjangoHW\order\views.py changed, reloading.
2026-08-03 11:16:24,120 [INFO] django.utils.autoreload: Watching for file changes with StatReloader
2026-08-03 11:16:33,607 [INFO] django.utils.autoreload: H:\DjangoHW\order\views.py changed, reloading.
2026-08-03 11:16:34,136 [INFO] django.utils.autoreload: Watching for file changes with StatReloader
2026-08-03 11:17:08,255 [INFO] django.utils.autoreload: H:\DjangoHW\order\views.py changed, reloading.
2026-08-03 12:09:58,864 [INFO] django.utils.autoreload: Watching for file changes with StatReloader
2026-08-03 12:10:00,507 [WARNING] django.server: "GET / HTTP/1.1" 404 2755
2026-08-03 12:10:06,954 [WARNING] django.server: "GET /cart HTTP/1.1" 404 2785
2026-08-03 12:10:14,535 [WARNING] django.server: "GET /order HTTP/1.1" 404 2788
2026-08-03 12:10:19,541 [WARNING] django.server: "GET /order/ HTTP/1.1" 404 3432
2026-08-03 12:10:24,923 [INFO] django.server: "GET /order/cart HTTP/1.1" 301 0
2026-08-03 12:10:25,045 [ERROR] django.server: "GET /order/cart/ HTTP/1.1" 500 86041
2026-08-03 12:10:38,015 [INFO] django.server: "GET /shop/ HTTP/1.1" 200 5315
2026-08-03 12:12:55,838 [INFO] django.utils.autoreload: Watching for file changes with StatReloader
2026-08-03 12:12:57,758 [WARNING] django.server: "GET / HTTP/1.1" 404 2755
2026-08-03 12:13:05,627 [INFO] django.server: "GET /shop/ HTTP/1.1" 200 5779
2026-08-03 12:13:08,960 [INFO] django.server: "POST /order/cart/?next=/shop/ HTTP/1.1" 302 0
2026-08-03 12:13:09,065 [INFO] django.server: "GET /shop/ HTTP/1.1" 200 5779
2026-08-03 12:13:10,972 [INFO] django.server: "POST /order/cart/?next=/shop/ HTTP/1.1" 302 0
2026-08-03 12:13:11,076 [INFO] django.server: "GET /shop/ HTTP/1.1" 200 5779
2026-08-03 12:14:49,992 [INFO] django.utils.autoreload: H:\DjangoHW\order\views.py changed, reloading.
2026-08-03 12:14:50,517 [INFO] django.utils.autoreload: Watching for file changes with StatReloader
2026-08-03 12:18:13,152 [INFO] django.utils.autoreload: Watching for file changes with StatReloader
2026-08-03 12:18:14,702 [WARNING] django.server: "GET / HTTP/1.1" 404 2755
2026-08-03 12:18:21,492 [WARNING] django.server: "GET /book/ HTTP/1.1" 404 2788
2026-08-03 12:18:25,556 [INFO] django.server: "GET /shop/ HTTP/1.1" 200 5881
2026-08-03 12:18:27,677 [ERROR] django.server: "GET /order/cart/ HTTP/1.1" 500 86090
2026-08-03 12:19:55,011 [INFO] django.utils.autoreload: H:\DjangoHW\order\cart.py changed, reloading.
2026-08-03 12:19:55,539 [INFO] django.utils.autoreload: Watching for file changes with StatReloader
2026-08-03 12:21:16,781 [INFO] django.utils.autoreload: H:\DjangoHW\bookstoreHW\settings.py changed, reloading.
2026-08-03 12:21:17,355 [INFO] django.utils.autoreload: Watching for file changes with StatReloader
2026-08-03 12:21:24,219 [INFO] django.utils.autoreload: H:\DjangoHW\bookstoreHW\settings.py changed, reloading.
2026-08-03 12:21:24,734 [INFO] django.utils.autoreload: Watching for file changes with StatReloader
2026-08-03 12:21:34,761 [INFO] django.utils.autoreload: H:\DjangoHW\bookstoreHW\settings.py changed, reloading.
2026-08-03 12:21:35,280 [INFO] django.utils.autoreload: Watching for file changes with StatReloader
2026-08-03 12:22:08,226 [INFO] django.utils.autoreload: Watching for file changes with StatReloader
2026-08-03 12:22:10,242 [WARNING] django.server: "GET / HTTP/1.1" 404 2755
2026-08-03 12:22:13,758 [INFO] django.server: "GET /shop/ HTTP/1.1" 200 5886
2026-08-03 12:22:16,200 [ERROR] django.server: "GET /order/cart/ HTTP/1.1" 500 86176
2026-08-03 12:22:40,321 [ERROR] django.server: "GET /order/cart/ HTTP/1.1" 500 86176
2026-08-03 12:23:39,567 [INFO] django.utils.autoreload: H:\DjangoHW\order\views.py changed, reloading.
2026-08-03 12:23:40,079 [INFO] django.utils.autoreload: Watching for file changes with StatReloader
2026-08-03 12:23:43,864 [ERROR] django.server: "GET /order/cart/ HTTP/1.1" 500 86194
2026-08-03 12:23:45,966 [ERROR] django.server: "GET /order/cart/ HTTP/1.1" 500 86194
2026-08-03 12:23:46,584 [ERROR] django.server: "GET /order/cart/ HTTP/1.1" 500 86194
2026-08-03 12:23:46,960 [ERROR] django.server: "GET /order/cart/ HTTP/1.1" 500 86194
2026-08-03 12:23:47,347 [ERROR] django.server: "GET /order/cart/ HTTP/1.1" 500 86194
2026-08-03 12:23:47,598 [ERROR] django.server: "GET /order/cart/ HTTP/1.1" 500 86194
2026-08-03 12:23:47,935 [ERROR] django.server: "GET /order/cart/ HTTP/1.1" 500 86194
2026-08-03 12:24:01,415 [INFO] django.utils.autoreload: Watching for file changes with StatReloader
2026-08-03 12:24:03,103 [WARNING] django.server: "GET / HTTP/1.1" 404 2755
2026-08-03 12:24:06,270 [INFO] django.server: "GET /shop/ HTTP/1.1" 200 5886
2026-08-03 12:24:08,015 [ERROR] django.server: "GET /order/cart/ HTTP/1.1" 500 86194
2026-08-03 12:25:48,159 [INFO] django.utils.autoreload: Watching for file changes with StatReloader
2026-08-03 12:25:49,850 [WARNING] django.server: "GET / HTTP/1.1" 404 2755
2026-08-03 12:25:57,662 [INFO] django.server: "GET /shop/ HTTP/1.1" 200 6422
2026-08-03 12:25:59,598 [INFO] django.server: "POST /order/cart/?next=/shop/ HTTP/1.1" 302 0
2026-08-03 12:25:59,701 [INFO] django.server: "GET /shop/ HTTP/1.1" 200 6419
2026-08-03 12:26:02,230 [INFO] django.server: "POST /order/cart/?next=/shop/ HTTP/1.1" 302 0
2026-08-03 12:26:02,342 [INFO] django.server: "GET /shop/ HTTP/1.1" 200 6422
2026-08-03 12:26:03,417 [ERROR] django.server: "GET /order/cart/ HTTP/1.1" 500 86178
